---
source: src/ui.rs
expression: "render_str(&app, 78, 22)"
---




           ╭ tus apps ────────────────────────────────────────────╮
           │                                                      │
           │                        ▄████▄                        │
           │                       ▐ ◑  ◑ ▌                       │
           │                       ▐█▀██▀█▌                       │
           │         Ghosty Launch  ·  que lo haga Ghosty         │
           │                                                      │
           │  Tus apps (2)                                        │
           │                                                      │
           │  › ● Mi Tienda                                       │
           │        https://sb-a-3000.sandboxes.easybits.cloud    │
           │    ● Blog                                            │
           │                                                      │
           ╰──────────────────────────────────────────────────────╯



   enter ver    n nueva    d borrar    q salir
