---
source: src/ui.rs
expression: "render_str(&app, 78, 20)"
---



           ╭ publicando ──────────────────────────────────────────╮
           │                                                      │
           │                                ·                     │
           │                ·       ▄████▄       ·                │
           │                       ▐ ◑  ◑ ▌     ✧                 │
           │                       ▐█▀██▀█▌                       │
           │         Ghosty Launch  ·  que lo haga Ghosty         │
           │  ● Creando VM persistente                            │
           │  ⠋ Clonando + instalando + arrancando                │
           │  ○ Publicando puerto                                 │
           │  33% ──────────────────────────────────────────────  │
           │                                                      │
           ╰──────────────────────────────────────────────────────╯



   esc cancelar
