---
source: src/ui.rs
assertion_line: 1026
expression: "render_str(&app, 78, 22)"
---

           ╭ en vivo ─────────────────────────────────────────────╮
           │                                                      │
           │                        ▄████▄                        │
           │                       ▐ ◕  ◕ ▌                       │
           │                       ▐█▀██▀█▌                       │
           │         Ghosty Launch  ·  que lo haga Ghosty         │
           │                                                      │
           │  ● Creando VM persistente                            │
           │  ● Clonando + instalando + arrancando                │
           │  ● Verificando que responda                          │
           │  ● Publicando puerto                                 │
           │                                                      │
           │  ● tu app está en vivo                               │
           │  ]8;;https://sb-abc123-3000.sandboxes.easybits.cloud\→ abrir tu app ↗]8;;\                                                   │
           │  https://sb-abc123-3000.sandboxes.easybits.cloud     │
           │                                                      │
           │  VM abc12345…                                        │
           │                                                      │
           ╰──────────────────────────────────────────────────────╯

]8;;https://sb-abc123-3000.sandboxes.easybits.cloud\  → abrir tu app ↗]8;;\                     enter/o abrir    e envs    l logs    b volver    d destr
